<html>
<body>
<pre>
<h1>礦ision Build Log</h1>
<h2>Tool Versions:</h2>
IDE-Version: μVision V5.24.2.0
Copyright (C) 2017 ARM Ltd and ARM Germany GmbH. All rights reserved.
License Information: lll dell, lll, LIC=MPPLD-8ZAP0-EV01R-KAR4T-0XQRH-SCU8U
 
Tool Versions:
Toolchain:       MDK-ARM Plus  Version: 5.24.1
Toolchain Path:  C:\Keil_v5\ARM\ARMCC\Bin
C Compiler:      Armcc.exe V5.06 update 5 (build 528)
Assembler:       Armasm.exe V5.06 update 5 (build 528)
Linker/Locator:  ArmLink.exe V5.06 update 5 (build 528)
Library Manager: ArmAr.exe V5.06 update 5 (build 528)
Hex Converter:   FromElf.exe V5.06 update 5 (build 528)
CPU DLL:         SARMCM3.DLL V5.24.1
Dialog DLL:      DCM.DLL V1.16.0.0
Target DLL:      STLink\ST-LINKIII-KEIL_SWO.dll V3.0.1.0
Dialog DLL:      TCM.DLL V1.32.0.0
 
<h2>Project:</h2>
D:\实习项目\小车完整代码.uvprojx
Project File Date:  07/13/2026

<h2>Output:</h2>
*** Using Compiler 'V5.06 update 5 (build 528)', folder: 'C:\Keil_v5\ARM\ARMCC\Bin'
Rebuild target 'Target 1'
assembling startup_stm32f10x_md.s...
compiling core_cm3.c...
compiling stm32f10x_crc.c...
compiling stm32f10x_cec.c...
compiling stm32f10x_adc.c...
compiling stm32f10x_it.c...
compiling misc.c...
compiling stm32f10x_dbgmcu.c...
compiling stm32f10x_bkp.c...
compiling main.c...
.\system\Delay.h(8): warning:  #1-D: last line of file ends without a newline
  #endif
.\hardware\PWM.h(5): warning:  #1-D: last line of file ends without a newline
  #endif
.\hardware\Car.h(3): warning:  #1295-D: Deprecated declaration Car_Init - give arg types
  void Car_Init();
.\hardware\Car.h(4): warning:  #1295-D: Deprecated declaration Self_Right - give arg types
  void Self_Right();
.\hardware\Car.h(5): warning:  #1295-D: Deprecated declaration Self_Left - give arg types
  void Self_Left();
.\hardware\Car.h(6): warning:  #1295-D: Deprecated declaration Turn_Right - give arg types
  void Turn_Right();
.\hardware\Car.h(7): warning:  #1295-D: Deprecated declaration Turn_Left - give arg types
  void Turn_Left();
.\hardware\Car.h(8): warning:  #1295-D: Deprecated declaration Go_Back - give arg types
  void Go_Back();
.\hardware\Car.h(9): warning:  #1295-D: Deprecated declaration Go_Ahead - give arg types
  void Go_Ahead();
.\hardware\Car.h(10): warning:  #1295-D: Deprecated declaration Car_Stop - give arg types
  void Car_Stop();
.\hardware\Car.h(11): warning:  #1-D: last line of file ends without a newline
  #endif
.\hardware\Serial.h(5): warning:  #1-D: last line of file ends without a newline
  #endif
.\hardware\Track.h(3): warning:  #1295-D: Deprecated declaration Infrared_Init - give arg types
  void Infrared_Init();
.\hardware\Track.h(4): warning:  #1-D: last line of file ends without a newline
  #endif
user\main.c(121): warning:  #1-D: last line of file ends without a newline
  		
user\main.c: 15 warnings, 0 errors
compiling stm32f10x_can.c...
compiling stm32f10x_dac.c...
compiling system_stm32f10x.c...
compiling stm32f10x_dma.c...
compiling stm32f10x_exti.c...
compiling stm32f10x_flash.c...
compiling stm32f10x_fsmc.c...
compiling stm32f10x_gpio.c...
compiling stm32f10x_iwdg.c...
compiling stm32f10x_pwr.c...
compiling stm32f10x_i2c.c...
compiling stm32f10x_rtc.c...
compiling stm32f10x_rcc.c...
compiling stm32f10x_spi.c...
compiling stm32f10x_sdio.c...
compiling stm32f10x_usart.c...
compiling stm32f10x_tim.c...
compiling stm32f10x_wwdg.c...
compiling Delay.c...
compiling PWM.c...
hardware\PWM.c(43): warning:  #1-D: last line of file ends without a newline
  }
hardware\PWM.c: 1 warning, 0 errors
compiling motor.c...
hardware\PWM.h(5): warning:  #1-D: last line of file ends without a newline
  #endif
hardware\motor.c: 1 warning, 0 errors
compiling serial.c...
compiling Car.c...
hardware\Motor.h(6): warning:  #1-D: last line of file ends without a newline
  #endif
.\system\Delay.h(8): warning:  #1-D: last line of file ends without a newline
  #endif
hardware\Car.c(38): warning:  #1-D: last line of file ends without a newline
  }
hardware\Car.c: 3 warnings, 0 errors
compiling track.c...
hardware\track.c(9): warning:  #1-D: last line of file ends without a newline
  }
hardware\track.c: 1 warning, 0 errors
linking...
Program Size: Code=3556 RO-data=268 RW-data=24 ZI-data=1632  
".\Objects\小车完整代码.axf" - 0 Error(s), 21 Warning(s).

<h2>Software Packages used:</h2>

Package Vendor: Keil
                http://www.keil.com/pack/Keil.STM32F1xx_DFP.2.2.0.pack
                Keil.STM32F1xx_DFP.2.2.0
                STMicroelectronics STM32F1 Series Device Support, Drivers and Examples

<h2>Collection of Component include folders:</h2>
  .\RTE\_Target_1
  C:\Keil_v5\ARM\PACK\Keil\STM32F1xx_DFP\2.2.0\Device\Include

<h2>Collection of Component Files used:</h2>
Build Time Elapsed:  00:00:01
</pre>
</body>
</html>
